21:11:34 **** Incremental Build of configuration Debug for project RFSoC_IP06_07_baremetal_echo ****
make all 
'Building file: ../src/simple_lexer.c'
'Invoking: ARM v8 gcc compiler'
aarch64-none-elf-gcc -Wall -O0 -g3 -c -fmessage-length=0 -MT"src/simple_lexer.o" -D __BAREMETAL__ -IE:/RFSoC/GIT/RFSoC/VITIS_TEST/VITIS_WORKSPACE6/RFSoC_IP06_07_plt/export/RFSoC_IP06_07_plt/sw/RFSoC_IP06_07_plt/standalone_domain/bspinclude/include -MMD -MP -MF"src/simple_lexer.d" -MT"src/simple_lexer.o" -o "src/simple_lexer.o" "../src/simple_lexer.c"
In file included from ../src/simple_lexer.c:4:
../src/rfdc_controller.h:55:8: warning: type defaults to 'int' in declaration of 'total_page_num' [-Wimplicit-int]
   55 | static total_page_num;
      |        ^~~~~~~~~~~~~~
../src/simple_lexer.c: In function 'simple_lexer':
../src/simple_lexer.c:35:5: warning: implicit declaration of function 'run_cpu_process' [-Wimplicit-function-declaration]
   35 |     run_cpu_process(tpcb,fnct_num,param_num);
      |     ^~~~~~~~~~~~~~~
../src/simple_lexer.c:36:5: warning: 'return' with no value, in function returning non-void [-Wreturn-type]
   36 |     return;
      |     ^~~~~~
../src/simple_lexer.c:6:22: note: declared here
    6 | struct instruction * simple_lexer(struct tcp_pcb *tpcb, struct instruction * inst){
      |                      ^~~~~~~~~~~~
../src/simple_lexer.c:46:5: warning: implicit declaration of function 'run_bin_process' [-Wimplicit-function-declaration]
   46 |     run_bin_process(tpcb, fnct_num,param_num);
      |     ^~~~~~~~~~~~~~~
../src/simple_lexer.c:47:5: warning: 'return' with no value, in function returning non-void [-Wreturn-type]
   47 |     return;
      |     ^~~~~~
../src/simple_lexer.c:6:22: note: declared here
    6 | struct instruction * simple_lexer(struct tcp_pcb *tpcb, struct instruction * inst){
      |                      ^~~~~~~~~~~~
../src/simple_lexer.c:60:5: warning: implicit declaration of function 'run_rtio_process'; did you mean 'inst_process'? [-Wimplicit-function-declaration]
   60 |     run_rtio_process(tpcb,module_num, fnct_num, timestamp_num, param_num);
      |     ^~~~~~~~~~~~~~~~
      |     inst_process
../src/simple_lexer.c: In function 'free_all':
../src/simple_lexer.c:187:1: warning: control reaches end of non-void function [-Wreturn-type]
  187 | }
      | ^
In file included from ../src/simple_lexer.c:4:
At top level:
../src/rfdc_controller.h:55:8: warning: 'total_page_num' defined but not used [-Wunused-variable]
   55 | static total_page_num;
      |        ^~~~~~~~~~~~~~
../src/rfdc_controller.h:54:16: warning: 'binary_mode' defined but not used [-Wunused-variable]
   54 | static int64_t binary_mode;
      |                ^~~~~~~~~~~
../src/rfdc_controller.h:53:16: warning: 'sampling_freq' defined but not used [-Wunused-variable]
   53 | static int64_t sampling_freq;
      |                ^~~~~~~~~~~~~
'Finished building: ../src/simple_lexer.c'
' '
'Building target: RFSoC_IP06_07_baremetal_echo.elf'
'Invoking: ARM v8 gcc linker'
aarch64-none-elf-gcc -Wl,-T -Wl,../src/lscript.ld -LE:/RFSoC/GIT/RFSoC/VITIS_TEST/VITIS_WORKSPACE6/RFSoC_IP06_07_plt/export/RFSoC_IP06_07_plt/sw/RFSoC_IP06_07_plt/standalone_domain/bsplib/lib -o "RFSoC_IP06_07_baremetal_echo.elf"  ./src/clock_config.o ./src/echo.o ./src/i2c_access.o ./src/iic_phyreset.o ./src/main.o ./src/platform.o ./src/platform_mb.o ./src/platform_ppc.o ./src/platform_zynq.o ./src/platform_zynqmp.o ./src/rfdc_controller.o ./src/run_binary.o ./src/sfp.o ./src/si5324.o ./src/simple_lexer.o ./src/string_process.o   -Wl,--start-group,-lxil,-lgcc,-lc,--end-group -Wl,--start-group,-lxil,-llwip4,-lgcc,-lc,--end-group -Wl,--start-group,-lxil,-lgcc,-lc,-lmetal,--end-group
'Finished building target: RFSoC_IP06_07_baremetal_echo.elf'
' '
'Invoking: ARM v8 Print Size'
aarch64-none-elf-size RFSoC_IP06_07_baremetal_echo.elf  |tee "RFSoC_IP06_07_baremetal_echo.elf.size"
   text	   data	    bss	    dec	    hex	filename
 134248	  19944	4346148	4500340	 44ab74	RFSoC_IP06_07_baremetal_echo.elf
'Finished building: RFSoC_IP06_07_baremetal_echo.elf.size'
' '

21:11:35 Build Finished (took 1s.281ms)

