12:01:19 **** Incremental Build of configuration Debug for project RFSoC_IP06_07_baremetal_echo ****
make all 
'Building file: ../src/rfdc_controller.c'
'Invoking: ARM v8 gcc compiler'
aarch64-none-elf-gcc -Wall -O0 -g3 -c -fmessage-length=0 -MT"src/rfdc_controller.o" -D __BAREMETAL__ -IE:/RFSoC/GIT/RFSoC/VITIS_TEST/VITIS_WORKSPACE6/RFSoC_IP06_07_plt/export/RFSoC_IP06_07_plt/sw/RFSoC_IP06_07_plt/standalone_domain/bspinclude/include -MMD -MP -MF"src/rfdc_controller.d" -MT"src/rfdc_controller.o" -o "src/rfdc_controller.o" "../src/rfdc_controller.c"
../src/rfdc_controller.c: In function 'inst_process':
../src/rfdc_controller.c:243:6: warning: unused variable 'inst_int' [-Wunused-variable]
  243 |  u64 inst_int = 0;
      |      ^~~~~~~~
../src/rfdc_controller.c:242:6: warning: unused variable 'timestamp_int' [-Wunused-variable]
  242 |  u64 timestamp_int = 0;
      |      ^~~~~~~~~~~~~
../src/rfdc_controller.c:239:6: warning: variable 'fnct_index' set but not used [-Wunused-but-set-variable]
  239 |  int fnct_index = 0;
      |      ^~~~~~~~~~
../src/rfdc_controller.c:236:6: warning: variable 'module_index' set but not used [-Wunused-but-set-variable]
  236 |  int module_index = 0;
      |      ^~~~~~~~~~~~
../src/rfdc_controller.c: In function 'read_sampling_freq':
../src/rfdc_controller.c:225:1: warning: control reaches end of non-void function [-Wreturn-type]
  225 | }
      | ^
'Finished building: ../src/rfdc_controller.c'
' '
'Building target: RFSoC_IP06_07_baremetal_echo.elf'
'Invoking: ARM v8 gcc linker'
aarch64-none-elf-gcc -Wl,-T -Wl,../src/lscript.ld -LE:/RFSoC/GIT/RFSoC/VITIS_TEST/VITIS_WORKSPACE6/RFSoC_IP06_07_plt/export/RFSoC_IP06_07_plt/sw/RFSoC_IP06_07_plt/standalone_domain/bsplib/lib -o "RFSoC_IP06_07_baremetal_echo.elf"  ./src/echo.o ./src/i2c_access.o ./src/iic_phyreset.o ./src/main.o ./src/platform.o ./src/platform_mb.o ./src/platform_ppc.o ./src/platform_zynq.o ./src/platform_zynqmp.o ./src/rfdc_controller.o ./src/sfp.o ./src/si5324.o   -Wl,--start-group,-lxil,-lgcc,-lc,--end-group -Wl,--start-group,-lxil,-llwip4,-lgcc,-lc,--end-group -Wl,--start-group,-lxil,-lgcc,-lc,-lmetal,--end-group
'Finished building target: RFSoC_IP06_07_baremetal_echo.elf'
' '
'Invoking: ARM v8 Print Size'
aarch64-none-elf-size RFSoC_IP06_07_baremetal_echo.elf  |tee "RFSoC_IP06_07_baremetal_echo.elf.size"
   text	   data	    bss	    dec	    hex	filename
 131136	  19944	4346100	4497180	 449f1c	RFSoC_IP06_07_baremetal_echo.elf
'Finished building: RFSoC_IP06_07_baremetal_echo.elf.size'
' '

12:01:21 Build Finished (took 1s.487ms)

