Nothing to build in platform 'RFSoC_IP06_10_DelayExp_plt'

18:08:55 **** Incremental Build of configuration Release for project RFSoC_IP06_10_DelayExp_app ****
make all 
'Building file: ../src/elf_exp.c'
'Invoking: ARM v8 gcc compiler'
aarch64-none-elf-gcc -Wall -O2 -c -fmessage-length=0 -MT"src/elf_exp.o" -D __BAREMETAL__ -IE:/RFSoC/GIT/RFSoC/VITIS_TEST/VITIS_WORKSPACE7/RFSoC_IP06_10_DelayExp_plt/export/RFSoC_IP06_10_DelayExp_plt/sw/RFSoC_IP06_10_DelayExp_plt/standalone_domain/bspinclude/include -MMD -MP -MF"src/elf_exp.d" -MT"src/elf_exp.o" -o "src/elf_exp.o" "../src/elf_exp.c"
In file included from ../src/elf_exp.c:1:
../src/rfdc_controller.h:56:8: warning: type defaults to 'int' in declaration of 'total_page_num' [-Wimplicit-int]
   56 | static total_page_num;
      |        ^~~~~~~~~~~~~~
../src/rfdc_controller.h:87:29: warning: 'struct tcp_pcb' declared inside parameter list will not be visible outside of this definition or declaration
   87 | int64_t inst_process(struct tcp_pcb *tpcb, char * TCP_data);
      |                             ^~~~~~~
../src/rfdc_controller.h:88:35: warning: 'struct tcp_pcb' declared inside parameter list will not be visible outside of this definition or declaration
   88 | int64_t read_sampling_freq(struct tcp_pcb *tpcb);
      |                                   ^~~~~~~
../src/rfdc_controller.h:99:42: warning: 'struct tcp_pcb' declared inside parameter list will not be visible outside of this definition or declaration
   99 | struct instruction * simple_lexer(struct tcp_pcb *tpcb, struct instruction * inst);
      |                                          ^~~~~~~
../src/elf_exp.c: In function 'callee_function':
../src/elf_exp.c:6631:29: warning: pointer targets in passing argument 1 of 'strcmp' differ in signedness [-Wpointer-sign]
 6631 |  xil_printf("%d\r\n",strcmp(dram_ptr,elf_data));
      |                             ^~~~~~~~
      |                             |
      |                             unsigned char *
In file included from ../src/rfdc_controller.h:8,
                 from ../src/elf_exp.c:1:
e:\xilinx\vitis\2020.2\gnu\aarch64\nt\aarch64-none\aarch64-xilinx-elf\usr\include\string.h:36:14: note: expected 'const char *' but argument is of type 'unsigned char *'
   36 | int  strcmp (const char *, const char *);
      |              ^~~~~~~~~~~~
../src/elf_exp.c:6631:38: warning: pointer targets in passing argument 2 of 'strcmp' differ in signedness [-Wpointer-sign]
 6631 |  xil_printf("%d\r\n",strcmp(dram_ptr,elf_data));
      |                                      ^~~~~~~~
      |                                      |
      |                                      const unsigned char *
In file included from ../src/rfdc_controller.h:8,
                 from ../src/elf_exp.c:1:
e:\xilinx\vitis\2020.2\gnu\aarch64\nt\aarch64-none\aarch64-xilinx-elf\usr\include\string.h:36:28: note: expected 'const char *' but argument is of type 'const unsigned char *'
   36 | int  strcmp (const char *, const char *);
      |                            ^~~~~~~~~~~~
In file included from ../src/elf_exp.c:1:
At top level:
../src/rfdc_controller.h:56:8: warning: 'total_page_num' defined but not used [-Wunused-variable]
   56 | static total_page_num;
      |        ^~~~~~~~~~~~~~
../src/rfdc_controller.h:55:16: warning: 'binary_mode' defined but not used [-Wunused-variable]
   55 | static int64_t binary_mode;
      |                ^~~~~~~~~~~
../src/rfdc_controller.h:54:16: warning: 'sampling_freq' defined but not used [-Wunused-variable]
   54 | static int64_t sampling_freq;
      |                ^~~~~~~~~~~~~
'Finished building: ../src/elf_exp.c'
' '
'Building target: RFSoC_IP06_10_DelayExp_app.elf'
'Invoking: ARM v8 gcc linker'
aarch64-none-elf-gcc -Wl,-T -Wl,../src/lscript.ld -LE:/RFSoC/GIT/RFSoC/VITIS_TEST/VITIS_WORKSPACE7/RFSoC_IP06_10_DelayExp_plt/export/RFSoC_IP06_10_DelayExp_plt/sw/RFSoC_IP06_10_DelayExp_plt/standalone_domain/bsplib/lib -o "RFSoC_IP06_10_DelayExp_app.elf"  ./src/clock_config.o ./src/echo.o ./src/elf_exp.o ./src/i2c_access.o ./src/iic_phyreset.o ./src/main.o ./src/platform.o ./src/platform_mb.o ./src/platform_ppc.o ./src/platform_zynq.o ./src/platform_zynqmp.o ./src/rfdc_controller.o ./src/run_binary.o ./src/sfp.o ./src/si5324.o ./src/simple_lexer.o ./src/string_process.o   -Wl,--start-group,-lxil,-lgcc,-lc,--end-group -Wl,--start-group,-lxil,-llwip4,-lgcc,-lc,--end-group -Wl,--start-group,-lxilpm,-lxil,-lgcc,-lc,--end-group -Wl,--start-group,-lxil,-lgcc,-lc,-lmetal,--end-group
'Finished building target: RFSoC_IP06_10_DelayExp_app.elf'
' '
'Invoking: ARM v8 Print Size'
aarch64-none-elf-size RFSoC_IP06_10_DelayExp_app.elf  |tee "RFSoC_IP06_10_DelayExp_app.elf.size"
   text	   data	    bss	    dec	    hex	filename
 238568	  19944	4346100	4604612	 4642c4	RFSoC_IP06_10_DelayExp_app.elf
'Finished building: RFSoC_IP06_10_DelayExp_app.elf.size'
' '
18:08:58 **** Incremental Build of configuration Release for project RFSoC_IP06_10_DelayExp_app_system ****
make all 
Generating bif file for the system project
generate_system_bif.bat 60663 E:/RFSoC/GIT/RFSoC/VITIS_TEST/VITIS_WORKSPACE7/RFSoC_IP06_10_DelayExp_plt/export/RFSoC_IP06_10_DelayExp_plt/RFSoC_IP06_10_DelayExp_plt.xpfm standalone_domain E:/RFSoC/GIT/RFSoC/VITIS_TEST/VITIS_WORKSPACE7/RFSoC_IP06_10_DelayExp_app_system/Release/system.bif
sdcard_gen --xpfm E:/RFSoC/GIT/RFSoC/VITIS_TEST/VITIS_WORKSPACE7/RFSoC_IP06_10_DelayExp_plt/export/RFSoC_IP06_10_DelayExp_plt/RFSoC_IP06_10_DelayExp_plt.xpfm --sys_config RFSoC_IP06_10_DelayExp_plt --bif E:/RFSoC/GIT/RFSoC/VITIS_TEST/VITIS_WORKSPACE7/RFSoC_IP06_10_DelayExp_app_system/Release/system.bif --bitstream E:/RFSoC/GIT/RFSoC/VITIS_TEST/VITIS_WORKSPACE7/RFSoC_IP06_10_DelayExp_app/_ide/bitstream/TEST_02_Block_wrapper.bit --elf E:/RFSoC/GIT/RFSoC/VITIS_TEST/VITIS_WORKSPACE7/RFSoC_IP06_10_DelayExp_app/Release/RFSoC_IP06_10_DelayExp_app.elf,psu_cortexa53_0
creating BOOT.BIN using E:/RFSoC/GIT/RFSoC/VITIS_TEST/VITIS_WORKSPACE7/RFSoC_IP06_10_DelayExp_app/_ide/bitstream/TEST_02_Block_wrapper.bit
Running E:/Xilinx/Vitis/2020.2/bin/bootgen -arch zynqmp -image E:/RFSoC/GIT/RFSoC/VITIS_TEST/VITIS_WORKSPACE7/RFSoC_IP06_10_DelayExp_app_system/Release/sd_card_temp/boot.bif -w -o i BOOT.BIN
