17:56:29 **** Build of configuration Release for project RFSoC_IP06_10_DelayExp_app ****
make all 
'Building file: ../src/echo.c'
'Invoking: ARM v8 gcc compiler'
aarch64-none-elf-gcc -Wall -O2 -c -fmessage-length=0 -MT"src/echo.o" -D __BAREMETAL__ -IE:/RFSoC/GIT/RFSoC/VITIS_TEST/VITIS_WORKSPACE7/RFSoC_IP06_10_DelayExp_plt/export/RFSoC_IP06_10_DelayExp_plt/sw/RFSoC_IP06_10_DelayExp_plt/standalone_domain/bspinclude/include -MMD -MP -MF"src/echo.d" -MT"src/echo.o" -o "src/echo.o" "../src/echo.c"
'Finished building: ../src/echo.c'
' '
'Building file: ../src/main.c'
'Invoking: ARM v8 gcc compiler'
aarch64-none-elf-gcc -Wall -O2 -c -fmessage-length=0 -MT"src/main.o" -D __BAREMETAL__ -IE:/RFSoC/GIT/RFSoC/VITIS_TEST/VITIS_WORKSPACE7/RFSoC_IP06_10_DelayExp_plt/export/RFSoC_IP06_10_DelayExp_plt/sw/RFSoC_IP06_10_DelayExp_plt/standalone_domain/bspinclude/include -MMD -MP -MF"src/main.d" -MT"src/main.o" -o "src/main.o" "../src/main.c"
'Finished building: ../src/main.c'
' '
'Building file: ../src/platform_zynqmp.c'
'Invoking: ARM v8 gcc compiler'
aarch64-none-elf-gcc -Wall -O2 -c -fmessage-length=0 -MT"src/platform_zynqmp.o" -D __BAREMETAL__ -IE:/RFSoC/GIT/RFSoC/VITIS_TEST/VITIS_WORKSPACE7/RFSoC_IP06_10_DelayExp_plt/export/RFSoC_IP06_10_DelayExp_plt/sw/RFSoC_IP06_10_DelayExp_plt/standalone_domain/bspinclude/include -MMD -MP -MF"src/platform_zynqmp.d" -MT"src/platform_zynqmp.o" -o "src/platform_zynqmp.o" "../src/platform_zynqmp.c"
../src/platform_zynqmp.c: In function 'platform_clear_interrupt':
../src/platform_zynqmp.c:137:6: warning: variable 'StatusEvent' set but not used [-Wunused-but-set-variable]
  137 |  u32 StatusEvent;
      |      ^~~~~~~~~~~
'Finished building: ../src/platform_zynqmp.c'
' '
'Building file: ../src/rfdc_controller.c'
'Invoking: ARM v8 gcc compiler'
aarch64-none-elf-gcc -Wall -O2 -c -fmessage-length=0 -MT"src/rfdc_controller.o" -D __BAREMETAL__ -IE:/RFSoC/GIT/RFSoC/VITIS_TEST/VITIS_WORKSPACE7/RFSoC_IP06_10_DelayExp_plt/export/RFSoC_IP06_10_DelayExp_plt/sw/RFSoC_IP06_10_DelayExp_plt/standalone_domain/bspinclude/include -MMD -MP -MF"src/rfdc_controller.d" -MT"src/rfdc_controller.o" -o "src/rfdc_controller.o" "../src/rfdc_controller.c"
../src/rfdc_controller.c: In function 'run_bin_process':
../src/rfdc_controller.c:140:4: warning: implicit declaration of function 'save_binary' [-Wimplicit-function-declaration]
  140 |    save_binary(tpcb, entry_point, stack_start, stack_end, heap_start, heap_end, packet_number);
      |    ^~~~~~~~~~~
../src/rfdc_controller.c:143:4: warning: implicit declaration of function 'run_binary' [-Wimplicit-function-declaration]
  143 |    run_binary();
      |    ^~~~~~~~~~
../src/rfdc_controller.c: In function 'read_sampling_freq':
../src/rfdc_controller.c:75:1: warning: control reaches end of non-void function [-Wreturn-type]
   75 | }
      | ^
../src/rfdc_controller.c: In function 'run_cpu_process':
../src/rfdc_controller.c:116:1: warning: control reaches end of non-void function [-Wreturn-type]
  116 | }
      | ^
../src/rfdc_controller.c: In function 'run_rtio_process':
../src/rfdc_controller.c:127:1: warning: control reaches end of non-void function [-Wreturn-type]
  127 | }
      | ^
../src/rfdc_controller.c: In function 'run_bin_process':
../src/rfdc_controller.c:149:1: warning: control reaches end of non-void function [-Wreturn-type]
  149 | }
      | ^
'Finished building: ../src/rfdc_controller.c'
' '
'Building file: ../src/run_binary.c'
'Invoking: ARM v8 gcc compiler'
aarch64-none-elf-gcc -Wall -O2 -c -fmessage-length=0 -MT"src/run_binary.o" -D __BAREMETAL__ -IE:/RFSoC/GIT/RFSoC/VITIS_TEST/VITIS_WORKSPACE7/RFSoC_IP06_10_DelayExp_plt/export/RFSoC_IP06_10_DelayExp_plt/sw/RFSoC_IP06_10_DelayExp_plt/standalone_domain/bspinclude/include -MMD -MP -MF"src/run_binary.d" -MT"src/run_binary.o" -o "src/run_binary.o" "../src/run_binary.c"
In file included from ../src/run_binary.c:4:
../src/run_binary.c: In function 'run_binary':
../src/rfdc_controller.h:43:27: warning: initialization of 'volatile unsigned char *' from 'int' makes pointer from integer without a cast [-Wint-conversion]
   43 | #define DRAM_BASE_ADDRESS 0xf00000
      |                           ^~~~~~~~
../src/run_binary.c:26:39: note: in expansion of macro 'DRAM_BASE_ADDRESS'
   26 |  volatile unsigned char * base_addr = DRAM_BASE_ADDRESS;
      |                                       ^~~~~~~~~~~~~~~~~
../src/run_binary.c:26:27: warning: unused variable 'base_addr' [-Wunused-variable]
   26 |  volatile unsigned char * base_addr = DRAM_BASE_ADDRESS;
      |                           ^~~~~~~~~
../src/run_binary.c:25:11: warning: unused variable 'main_addr' [-Wunused-variable]
   25 |  uint64_t main_addr = bin_entry_point;
      |           ^~~~~~~~~
../src/run_binary.c:24:11: warning: unused variable 'sp_val' [-Wunused-variable]
   24 |  uint64_t sp_val = DRAM_BASE_ADDRESS + bin_stack_start;
      |           ^~~~~~
../src/run_binary.c:135:1: warning: control reaches end of non-void function [-Wreturn-type]
  135 | }
      | ^
../src/run_binary.c: In function 'save_binary':
../src/run_binary.c:143:1: warning: control reaches end of non-void function [-Wreturn-type]
  143 | }
      | ^
'Finished building: ../src/run_binary.c'
' '
'Building file: ../src/simple_lexer.c'
'Invoking: ARM v8 gcc compiler'
aarch64-none-elf-gcc -Wall -O2 -c -fmessage-length=0 -MT"src/simple_lexer.o" -D __BAREMETAL__ -IE:/RFSoC/GIT/RFSoC/VITIS_TEST/VITIS_WORKSPACE7/RFSoC_IP06_10_DelayExp_plt/export/RFSoC_IP06_10_DelayExp_plt/sw/RFSoC_IP06_10_DelayExp_plt/standalone_domain/bspinclude/include -MMD -MP -MF"src/simple_lexer.d" -MT"src/simple_lexer.o" -o "src/simple_lexer.o" "../src/simple_lexer.c"
../src/simple_lexer.c: In function 'simple_lexer':
../src/simple_lexer.c:28:4: warning: implicit declaration of function 'run_cpu_process' [-Wimplicit-function-declaration]
   28 |    run_cpu_process(tpcb,fnct_num,param_num);
      |    ^~~~~~~~~~~~~~~
../src/simple_lexer.c:42:6: warning: implicit declaration of function 'run_bin_process' [-Wimplicit-function-declaration]
   42 |      run_bin_process(tpcb, fnct_num, entry_point, stack_start, stack_end, heap_start, heap_end, packet_number);
      |      ^~~~~~~~~~~~~~~
../src/simple_lexer.c:70:4: warning: implicit declaration of function 'run_rtio_process'; did you mean 'inst_process'? [-Wimplicit-function-declaration]
   70 |    run_rtio_process(tpcb,module_num, fnct_num, timestamp_num, param_num);
      |    ^~~~~~~~~~~~~~~~
      |    inst_process
In file included from ../src/simple_lexer.c:4:
../src/simple_lexer.c: In function 'clear_DRAM':
../src/rfdc_controller.h:43:27: warning: initialization of 'unsigned char *' from 'int' makes pointer from integer without a cast [-Wint-conversion]
   43 | #define DRAM_BASE_ADDRESS 0xf00000
      |                           ^~~~~~~~
../src/simple_lexer.c:77:25: note: in expansion of macro 'DRAM_BASE_ADDRESS'
   77 |  unsigned char * addr = DRAM_BASE_ADDRESS;
      |                         ^~~~~~~~~~~~~~~~~
../src/simple_lexer.c: In function 'get_module':
../src/simple_lexer.c:94:22: warning: passing argument 1 of 'string_count' discards 'const' qualifier from pointer target type [-Wdiscarded-qualifiers]
   94 |  pos1 = string_count(inst,1,'#')+1;
      |                      ^~~~
In file included from ../src/simple_lexer.c:4:
../src/rfdc_controller.h:84:28: note: expected 'char *' but argument is of type 'const char *'
   84 | int64_t string_count(char* str, int64_t pos, char spc);
      |                      ~~~~~~^~~
../src/simple_lexer.c:95:22: warning: passing argument 1 of 'string_count' discards 'const' qualifier from pointer target type [-Wdiscarded-qualifiers]
   95 |  pos2 = string_count(inst,2,'#');
      |                      ^~~~
In file included from ../src/simple_lexer.c:4:
../src/rfdc_controller.h:84:28: note: expected 'char *' but argument is of type 'const char *'
   84 | int64_t string_count(char* str, int64_t pos, char spc);
      |                      ~~~~~~^~~
../src/simple_lexer.c:97:21: warning: passing argument 2 of 'substring' discards 'const' qualifier from pointer target type [-Wdiscarded-qualifiers]
   97 |  substring(temp_str,inst,pos1,pos2);
      |                     ^~~~
In file included from ../src/simple_lexer.c:4:
../src/rfdc_controller.h:83:8: note: expected 'char *' but argument is of type 'const char *'
   83 | char * substring(char * str_dest,char * str,int64_t start,int64_t end);
      |        ^~~~~~~~~
../src/simple_lexer.c: In function 'get_fnct':
../src/simple_lexer.c:112:22: warning: passing argument 1 of 'string_count' discards 'const' qualifier from pointer target type [-Wdiscarded-qualifiers]
  112 |  pos1 = string_count(inst,2,'#')+1;
      |                      ^~~~
In file included from ../src/simple_lexer.c:4:
../src/rfdc_controller.h:84:28: note: expected 'char *' but argument is of type 'const char *'
   84 | int64_t string_count(char* str, int64_t pos, char spc);
      |                      ~~~~~~^~~
../src/simple_lexer.c:113:22: warning: passing argument 1 of 'string_count' discards 'const' qualifier from pointer target type [-Wdiscarded-qualifiers]
  113 |  pos2 = string_count(inst,3,'#');
      |                      ^~~~
In file included from ../src/simple_lexer.c:4:
../src/rfdc_controller.h:84:28: note: expected 'char *' but argument is of type 'const char *'
   84 | int64_t string_count(char* str, int64_t pos, char spc);
      |                      ~~~~~~^~~
../src/simple_lexer.c:115:21: warning: passing argument 2 of 'substring' discards 'const' qualifier from pointer target type [-Wdiscarded-qualifiers]
  115 |  substring(temp_str,inst,pos1,pos2);
      |                     ^~~~
In file included from ../src/simple_lexer.c:4:
../src/rfdc_controller.h:83:8: note: expected 'char *' but argument is of type 'const char *'
   83 | char * substring(char * str_dest,char * str,int64_t start,int64_t end);
      |        ^~~~~~~~~
../src/simple_lexer.c: In function 'get_param':
../src/simple_lexer.c:130:22: warning: passing argument 1 of 'string_count' discards 'const' qualifier from pointer target type [-Wdiscarded-qualifiers]
  130 |  pos1 = string_count(inst,start_index,'#')+1;
      |                      ^~~~
In file included from ../src/simple_lexer.c:4:
../src/rfdc_controller.h:84:28: note: expected 'char *' but argument is of type 'const char *'
   84 | int64_t string_count(char* str, int64_t pos, char spc);
      |                      ~~~~~~^~~
../src/simple_lexer.c:131:22: warning: passing argument 1 of 'string_count' discards 'const' qualifier from pointer target type [-Wdiscarded-qualifiers]
  131 |  pos2 = string_count(inst,end_index,'#');
      |                      ^~~~
In file included from ../src/simple_lexer.c:4:
../src/rfdc_controller.h:84:28: note: expected 'char *' but argument is of type 'const char *'
   84 | int64_t string_count(char* str, int64_t pos, char spc);
      |                      ~~~~~~^~~
../src/simple_lexer.c:133:21: warning: passing argument 2 of 'substring' discards 'const' qualifier from pointer target type [-Wdiscarded-qualifiers]
  133 |  substring(temp_str,inst,pos1,pos2);
      |                     ^~~~
In file included from ../src/simple_lexer.c:4:
../src/rfdc_controller.h:83:8: note: expected 'char *' but argument is of type 'const char *'
   83 | char * substring(char * str_dest,char * str,int64_t start,int64_t end);
      |        ^~~~~~~~~
../src/simple_lexer.c: In function 'is_end':
../src/simple_lexer.c:141:22: warning: passing argument 1 of 'string_count' discards 'const' qualifier from pointer target type [-Wdiscarded-qualifiers]
  141 |  pos1 = string_count(inst,start_index,'#')+1;
      |                      ^~~~
In file included from ../src/simple_lexer.c:4:
../src/rfdc_controller.h:84:28: note: expected 'char *' but argument is of type 'const char *'
   84 | int64_t string_count(char* str, int64_t pos, char spc);
      |                      ~~~~~~^~~
../src/simple_lexer.c:142:22: warning: passing argument 1 of 'string_count' discards 'const' qualifier from pointer target type [-Wdiscarded-qualifiers]
  142 |  pos2 = string_count(inst,end_index,'#');
      |                      ^~~~
In file included from ../src/simple_lexer.c:4:
../src/rfdc_controller.h:84:28: note: expected 'char *' but argument is of type 'const char *'
   84 | int64_t string_count(char* str, int64_t pos, char spc);
      |                      ~~~~~~^~~
../src/simple_lexer.c:144:21: warning: passing argument 2 of 'substring' discards 'const' qualifier from pointer target type [-Wdiscarded-qualifiers]
  144 |  substring(temp_str,inst,pos1,pos2);
      |                     ^~~~
In file included from ../src/simple_lexer.c:4:
../src/rfdc_controller.h:83:8: note: expected 'char *' but argument is of type 'const char *'
   83 | char * substring(char * str_dest,char * str,int64_t start,int64_t end);
      |        ^~~~~~~~~
../src/simple_lexer.c: In function 'simple_lexer':
../src/simple_lexer.c:74:1: warning: control reaches end of non-void function [-Wreturn-type]
   74 | }
      | ^
'Finished building: ../src/simple_lexer.c'
' '
'Building file: ../src/string_process.c'
'Invoking: ARM v8 gcc compiler'
aarch64-none-elf-gcc -Wall -O2 -c -fmessage-length=0 -MT"src/string_process.o" -D __BAREMETAL__ -IE:/RFSoC/GIT/RFSoC/VITIS_TEST/VITIS_WORKSPACE7/RFSoC_IP06_10_DelayExp_plt/export/RFSoC_IP06_10_DelayExp_plt/sw/RFSoC_IP06_10_DelayExp_plt/standalone_domain/bspinclude/include -MMD -MP -MF"src/string_process.d" -MT"src/string_process.o" -o "src/string_process.o" "../src/string_process.c"
'Finished building: ../src/string_process.c'
' '
'Building target: RFSoC_IP06_10_DelayExp_app.elf'
'Invoking: ARM v8 gcc linker'
aarch64-none-elf-gcc -Wl,-T -Wl,../src/lscript.ld -LE:/RFSoC/GIT/RFSoC/VITIS_TEST/VITIS_WORKSPACE7/RFSoC_IP06_10_DelayExp_plt/export/RFSoC_IP06_10_DelayExp_plt/sw/RFSoC_IP06_10_DelayExp_plt/standalone_domain/bsplib/lib -o "RFSoC_IP06_10_DelayExp_app.elf"  ./src/clock_config.o ./src/echo.o ./src/elf_exp.o ./src/i2c_access.o ./src/iic_phyreset.o ./src/main.o ./src/platform.o ./src/platform_mb.o ./src/platform_ppc.o ./src/platform_zynq.o ./src/platform_zynqmp.o ./src/rfdc_controller.o ./src/run_binary.o ./src/sfp.o ./src/si5324.o ./src/simple_lexer.o ./src/string_process.o   -Wl,--start-group,-lxil,-lgcc,-lc,--end-group -Wl,--start-group,-lxil,-llwip4,-lgcc,-lc,--end-group -Wl,--start-group,-lxilpm,-lxil,-lgcc,-lc,--end-group -Wl,--start-group,-lxil,-lgcc,-lc,-lmetal,--end-group
'Finished building target: RFSoC_IP06_10_DelayExp_app.elf'
' '
'Invoking: ARM v8 Print Size'
aarch64-none-elf-size RFSoC_IP06_10_DelayExp_app.elf  |tee "RFSoC_IP06_10_DelayExp_app.elf.size"
   text	   data	    bss	    dec	    hex	filename
 214076	  19944	4346124	4580144	 45e330	RFSoC_IP06_10_DelayExp_app.elf
'Finished building: RFSoC_IP06_10_DelayExp_app.elf.size'
' '

17:56:32 Build Finished (took 3s.208ms)

