19:53:06 **** Build of configuration Debug for project ABCD ****
make all 
'Building file: E:/RFSoC/GIT/Vivado_prj_manager/Vitis_main/RFSoC_Firmware_CPP/clock_config.c'
'Invoking: ARM v8 gcc compiler'
aarch64-none-elf-gcc -Wall -O0 -g3 -c -fmessage-length=0 -MT"src/RFSoC_Firmware_CPP/clock_config.o" -D __BAREMETAL__ -IE:/RFSoC/GIT/RFSoC/RFSoC_Design_V1_1/VITIS_CPP/RFSoC_Firmware_plt/export/RFSoC_Firmware_plt/sw/RFSoC_Firmware_plt/standalone_domain/bspinclude/include -MMD -MP -MF"src/RFSoC_Firmware_CPP/clock_config.d" -MT"src/RFSoC_Firmware_CPP/clock_config.o" -o "src/RFSoC_Firmware_CPP/clock_config.o" "E:/RFSoC/GIT/Vivado_prj_manager/Vitis_main/RFSoC_Firmware_CPP/clock_config.c"
'Finished building: E:/RFSoC/GIT/Vivado_prj_manager/Vitis_main/RFSoC_Firmware_CPP/clock_config.c'
' '
'Building file: E:/RFSoC/GIT/Vivado_prj_manager/Vitis_main/RFSoC_Firmware_CPP/echo.c'
'Invoking: ARM v8 gcc compiler'
aarch64-none-elf-gcc -Wall -O0 -g3 -c -fmessage-length=0 -MT"src/RFSoC_Firmware_CPP/echo.o" -D __BAREMETAL__ -IE:/RFSoC/GIT/RFSoC/RFSoC_Design_V1_1/VITIS_CPP/RFSoC_Firmware_plt/export/RFSoC_Firmware_plt/sw/RFSoC_Firmware_plt/standalone_domain/bspinclude/include -MMD -MP -MF"src/RFSoC_Firmware_CPP/echo.d" -MT"src/RFSoC_Firmware_CPP/echo.o" -o "src/RFSoC_Firmware_CPP/echo.o" "E:/RFSoC/GIT/Vivado_prj_manager/Vitis_main/RFSoC_Firmware_CPP/echo.c"
'Finished building: E:/RFSoC/GIT/Vivado_prj_manager/Vitis_main/RFSoC_Firmware_CPP/echo.c'
' '
'Building file: E:/RFSoC/GIT/Vivado_prj_manager/Vitis_main/RFSoC_Firmware_CPP/i2c_access.c'
'Invoking: ARM v8 gcc compiler'
aarch64-none-elf-gcc -Wall -O0 -g3 -c -fmessage-length=0 -MT"src/RFSoC_Firmware_CPP/i2c_access.o" -D __BAREMETAL__ -IE:/RFSoC/GIT/RFSoC/RFSoC_Design_V1_1/VITIS_CPP/RFSoC_Firmware_plt/export/RFSoC_Firmware_plt/sw/RFSoC_Firmware_plt/standalone_domain/bspinclude/include -MMD -MP -MF"src/RFSoC_Firmware_CPP/i2c_access.d" -MT"src/RFSoC_Firmware_CPP/i2c_access.o" -o "src/RFSoC_Firmware_CPP/i2c_access.o" "E:/RFSoC/GIT/Vivado_prj_manager/Vitis_main/RFSoC_Firmware_CPP/i2c_access.c"
'Finished building: E:/RFSoC/GIT/Vivado_prj_manager/Vitis_main/RFSoC_Firmware_CPP/i2c_access.c'
' '
'Building file: E:/RFSoC/GIT/Vivado_prj_manager/Vitis_main/RFSoC_Firmware_CPP/iic_phyreset.c'
'Invoking: ARM v8 gcc compiler'
aarch64-none-elf-gcc -Wall -O0 -g3 -c -fmessage-length=0 -MT"src/RFSoC_Firmware_CPP/iic_phyreset.o" -D __BAREMETAL__ -IE:/RFSoC/GIT/RFSoC/RFSoC_Design_V1_1/VITIS_CPP/RFSoC_Firmware_plt/export/RFSoC_Firmware_plt/sw/RFSoC_Firmware_plt/standalone_domain/bspinclude/include -MMD -MP -MF"src/RFSoC_Firmware_CPP/iic_phyreset.d" -MT"src/RFSoC_Firmware_CPP/iic_phyreset.o" -o "src/RFSoC_Firmware_CPP/iic_phyreset.o" "E:/RFSoC/GIT/Vivado_prj_manager/Vitis_main/RFSoC_Firmware_CPP/iic_phyreset.c"
'Finished building: E:/RFSoC/GIT/Vivado_prj_manager/Vitis_main/RFSoC_Firmware_CPP/iic_phyreset.c'
' '
'Building file: E:/RFSoC/GIT/Vivado_prj_manager/Vitis_main/RFSoC_Firmware_CPP/main.c'
'Invoking: ARM v8 gcc compiler'
aarch64-none-elf-gcc -Wall -O0 -g3 -c -fmessage-length=0 -MT"src/RFSoC_Firmware_CPP/main.o" -D __BAREMETAL__ -IE:/RFSoC/GIT/RFSoC/RFSoC_Design_V1_1/VITIS_CPP/RFSoC_Firmware_plt/export/RFSoC_Firmware_plt/sw/RFSoC_Firmware_plt/standalone_domain/bspinclude/include -MMD -MP -MF"src/RFSoC_Firmware_CPP/main.d" -MT"src/RFSoC_Firmware_CPP/main.o" -o "src/RFSoC_Firmware_CPP/main.o" "E:/RFSoC/GIT/Vivado_prj_manager/Vitis_main/RFSoC_Firmware_CPP/main.c"
'Finished building: E:/RFSoC/GIT/Vivado_prj_manager/Vitis_main/RFSoC_Firmware_CPP/main.c'
' '
'Building file: E:/RFSoC/GIT/Vivado_prj_manager/Vitis_main/RFSoC_Firmware_CPP/platform.c'
'Invoking: ARM v8 gcc compiler'
aarch64-none-elf-gcc -Wall -O0 -g3 -c -fmessage-length=0 -MT"src/RFSoC_Firmware_CPP/platform.o" -D __BAREMETAL__ -IE:/RFSoC/GIT/RFSoC/RFSoC_Design_V1_1/VITIS_CPP/RFSoC_Firmware_plt/export/RFSoC_Firmware_plt/sw/RFSoC_Firmware_plt/standalone_domain/bspinclude/include -MMD -MP -MF"src/RFSoC_Firmware_CPP/platform.d" -MT"src/RFSoC_Firmware_CPP/platform.o" -o "src/RFSoC_Firmware_CPP/platform.o" "E:/RFSoC/GIT/Vivado_prj_manager/Vitis_main/RFSoC_Firmware_CPP/platform.c"
'Finished building: E:/RFSoC/GIT/Vivado_prj_manager/Vitis_main/RFSoC_Firmware_CPP/platform.c'
' '
'Building file: E:/RFSoC/GIT/Vivado_prj_manager/Vitis_main/RFSoC_Firmware_CPP/platform_mb.c'
'Invoking: ARM v8 gcc compiler'
aarch64-none-elf-gcc -Wall -O0 -g3 -c -fmessage-length=0 -MT"src/RFSoC_Firmware_CPP/platform_mb.o" -D __BAREMETAL__ -IE:/RFSoC/GIT/RFSoC/RFSoC_Design_V1_1/VITIS_CPP/RFSoC_Firmware_plt/export/RFSoC_Firmware_plt/sw/RFSoC_Firmware_plt/standalone_domain/bspinclude/include -MMD -MP -MF"src/RFSoC_Firmware_CPP/platform_mb.d" -MT"src/RFSoC_Firmware_CPP/platform_mb.o" -o "src/RFSoC_Firmware_CPP/platform_mb.o" "E:/RFSoC/GIT/Vivado_prj_manager/Vitis_main/RFSoC_Firmware_CPP/platform_mb.c"
'Finished building: E:/RFSoC/GIT/Vivado_prj_manager/Vitis_main/RFSoC_Firmware_CPP/platform_mb.c'
' '
'Building file: E:/RFSoC/GIT/Vivado_prj_manager/Vitis_main/RFSoC_Firmware_CPP/platform_ppc.c'
'Invoking: ARM v8 gcc compiler'
aarch64-none-elf-gcc -Wall -O0 -g3 -c -fmessage-length=0 -MT"src/RFSoC_Firmware_CPP/platform_ppc.o" -D __BAREMETAL__ -IE:/RFSoC/GIT/RFSoC/RFSoC_Design_V1_1/VITIS_CPP/RFSoC_Firmware_plt/export/RFSoC_Firmware_plt/sw/RFSoC_Firmware_plt/standalone_domain/bspinclude/include -MMD -MP -MF"src/RFSoC_Firmware_CPP/platform_ppc.d" -MT"src/RFSoC_Firmware_CPP/platform_ppc.o" -o "src/RFSoC_Firmware_CPP/platform_ppc.o" "E:/RFSoC/GIT/Vivado_prj_manager/Vitis_main/RFSoC_Firmware_CPP/platform_ppc.c"
'Finished building: E:/RFSoC/GIT/Vivado_prj_manager/Vitis_main/RFSoC_Firmware_CPP/platform_ppc.c'
' '
'Building file: E:/RFSoC/GIT/Vivado_prj_manager/Vitis_main/RFSoC_Firmware_CPP/platform_zynq.c'
'Invoking: ARM v8 gcc compiler'
aarch64-none-elf-gcc -Wall -O0 -g3 -c -fmessage-length=0 -MT"src/RFSoC_Firmware_CPP/platform_zynq.o" -D __BAREMETAL__ -IE:/RFSoC/GIT/RFSoC/RFSoC_Design_V1_1/VITIS_CPP/RFSoC_Firmware_plt/export/RFSoC_Firmware_plt/sw/RFSoC_Firmware_plt/standalone_domain/bspinclude/include -MMD -MP -MF"src/RFSoC_Firmware_CPP/platform_zynq.d" -MT"src/RFSoC_Firmware_CPP/platform_zynq.o" -o "src/RFSoC_Firmware_CPP/platform_zynq.o" "E:/RFSoC/GIT/Vivado_prj_manager/Vitis_main/RFSoC_Firmware_CPP/platform_zynq.c"
'Finished building: E:/RFSoC/GIT/Vivado_prj_manager/Vitis_main/RFSoC_Firmware_CPP/platform_zynq.c'
' '
'Building file: E:/RFSoC/GIT/Vivado_prj_manager/Vitis_main/RFSoC_Firmware_CPP/platform_zynqmp.c'
'Invoking: ARM v8 gcc compiler'
aarch64-none-elf-gcc -Wall -O0 -g3 -c -fmessage-length=0 -MT"src/RFSoC_Firmware_CPP/platform_zynqmp.o" -D __BAREMETAL__ -IE:/RFSoC/GIT/RFSoC/RFSoC_Design_V1_1/VITIS_CPP/RFSoC_Firmware_plt/export/RFSoC_Firmware_plt/sw/RFSoC_Firmware_plt/standalone_domain/bspinclude/include -MMD -MP -MF"src/RFSoC_Firmware_CPP/platform_zynqmp.d" -MT"src/RFSoC_Firmware_CPP/platform_zynqmp.o" -o "src/RFSoC_Firmware_CPP/platform_zynqmp.o" "E:/RFSoC/GIT/Vivado_prj_manager/Vitis_main/RFSoC_Firmware_CPP/platform_zynqmp.c"
E:/RFSoC/GIT/Vivado_prj_manager/Vitis_main/RFSoC_Firmware_CPP/platform_zynqmp.c: In function 'platform_clear_interrupt':
E:/RFSoC/GIT/Vivado_prj_manager/Vitis_main/RFSoC_Firmware_CPP/platform_zynqmp.c:137:6: warning: variable 'StatusEvent' set but not used [-Wunused-but-set-variable]
  137 |  u32 StatusEvent;
      |      ^~~~~~~~~~~
'Finished building: E:/RFSoC/GIT/Vivado_prj_manager/Vitis_main/RFSoC_Firmware_CPP/platform_zynqmp.c'
' '
'Building file: E:/RFSoC/GIT/Vivado_prj_manager/Vitis_main/RFSoC_Firmware_CPP/rfdc_controller.c'
'Invoking: ARM v8 gcc compiler'
aarch64-none-elf-gcc -Wall -O0 -g3 -c -fmessage-length=0 -MT"src/RFSoC_Firmware_CPP/rfdc_controller.o" -D __BAREMETAL__ -IE:/RFSoC/GIT/RFSoC/RFSoC_Design_V1_1/VITIS_CPP/RFSoC_Firmware_plt/export/RFSoC_Firmware_plt/sw/RFSoC_Firmware_plt/standalone_domain/bspinclude/include -MMD -MP -MF"src/RFSoC_Firmware_CPP/rfdc_controller.d" -MT"src/RFSoC_Firmware_CPP/rfdc_controller.o" -o "src/RFSoC_Firmware_CPP/rfdc_controller.o" "E:/RFSoC/GIT/Vivado_prj_manager/Vitis_main/RFSoC_Firmware_CPP/rfdc_controller.c"
E:/RFSoC/GIT/Vivado_prj_manager/Vitis_main/RFSoC_Firmware_CPP/rfdc_controller.c: In function 'read_sampling_freq':
E:/RFSoC/GIT/Vivado_prj_manager/Vitis_main/RFSoC_Firmware_CPP/rfdc_controller.c:71:1: warning: control reaches end of non-void function [-Wreturn-type]
   71 | }
      | ^
E:/RFSoC/GIT/Vivado_prj_manager/Vitis_main/RFSoC_Firmware_CPP/rfdc_controller.c: In function 'run_cpu_process':
E:/RFSoC/GIT/Vivado_prj_manager/Vitis_main/RFSoC_Firmware_CPP/rfdc_controller.c:112:1: warning: control reaches end of non-void function [-Wreturn-type]
  112 | }
      | ^
E:/RFSoC/GIT/Vivado_prj_manager/Vitis_main/RFSoC_Firmware_CPP/rfdc_controller.c: In function 'run_rtio_process':
E:/RFSoC/GIT/Vivado_prj_manager/Vitis_main/RFSoC_Firmware_CPP/rfdc_controller.c:123:1: warning: control reaches end of non-void function [-Wreturn-type]
  123 | }
      | ^
E:/RFSoC/GIT/Vivado_prj_manager/Vitis_main/RFSoC_Firmware_CPP/rfdc_controller.c: In function 'run_bin_process':
E:/RFSoC/GIT/Vivado_prj_manager/Vitis_main/RFSoC_Firmware_CPP/rfdc_controller.c:145:1: warning: control reaches end of non-void function [-Wreturn-type]
  145 | }
      | ^
'Finished building: E:/RFSoC/GIT/Vivado_prj_manager/Vitis_main/RFSoC_Firmware_CPP/rfdc_controller.c'
' '
'Building file: E:/RFSoC/GIT/Vivado_prj_manager/Vitis_main/RFSoC_Firmware_CPP/run_binary.c'
'Invoking: ARM v8 gcc compiler'
aarch64-none-elf-gcc -Wall -O0 -g3 -c -fmessage-length=0 -MT"src/RFSoC_Firmware_CPP/run_binary.o" -D __BAREMETAL__ -IE:/RFSoC/GIT/RFSoC/RFSoC_Design_V1_1/VITIS_CPP/RFSoC_Firmware_plt/export/RFSoC_Firmware_plt/sw/RFSoC_Firmware_plt/standalone_domain/bspinclude/include -MMD -MP -MF"src/RFSoC_Firmware_CPP/run_binary.d" -MT"src/RFSoC_Firmware_CPP/run_binary.o" -o "src/RFSoC_Firmware_CPP/run_binary.o" "E:/RFSoC/GIT/Vivado_prj_manager/Vitis_main/RFSoC_Firmware_CPP/run_binary.c"
E:/RFSoC/GIT/Vivado_prj_manager/Vitis_main/RFSoC_Firmware_CPP/run_binary.c: In function 'run_binary':
E:/RFSoC/GIT/Vivado_prj_manager/Vitis_main/RFSoC_Firmware_CPP/run_binary.c:28:27: warning: unused variable 'base_addr' [-Wunused-variable]
   28 |  volatile unsigned char * base_addr = (volatile unsigned char *)DRAM_BASE_ADDRESS;
      |                           ^~~~~~~~~
E:/RFSoC/GIT/Vivado_prj_manager/Vitis_main/RFSoC_Firmware_CPP/run_binary.c:26:11: warning: unused variable 'main_addr' [-Wunused-variable]
   26 |  uint64_t main_addr = bin_entry_point;
      |           ^~~~~~~~~
E:/RFSoC/GIT/Vivado_prj_manager/Vitis_main/RFSoC_Firmware_CPP/run_binary.c:25:11: warning: unused variable 'sp_val' [-Wunused-variable]
   25 |  uint64_t sp_val = DRAM_BASE_ADDRESS + bin_stack_start;
      |           ^~~~~~
E:/RFSoC/GIT/Vivado_prj_manager/Vitis_main/RFSoC_Firmware_CPP/run_binary.c:135:1: warning: control reaches end of non-void function [-Wreturn-type]
  135 | }
      | ^
E:/RFSoC/GIT/Vivado_prj_manager/Vitis_main/RFSoC_Firmware_CPP/run_binary.c: In function 'save_binary':
E:/RFSoC/GIT/Vivado_prj_manager/Vitis_main/RFSoC_Firmware_CPP/run_binary.c:143:1: warning: control reaches end of non-void function [-Wreturn-type]
  143 | }
      | ^
'Finished building: E:/RFSoC/GIT/Vivado_prj_manager/Vitis_main/RFSoC_Firmware_CPP/run_binary.c'
' '
'Building file: E:/RFSoC/GIT/Vivado_prj_manager/Vitis_main/RFSoC_Firmware_CPP/sfp.c'
'Invoking: ARM v8 gcc compiler'
aarch64-none-elf-gcc -Wall -O0 -g3 -c -fmessage-length=0 -MT"src/RFSoC_Firmware_CPP/sfp.o" -D __BAREMETAL__ -IE:/RFSoC/GIT/RFSoC/RFSoC_Design_V1_1/VITIS_CPP/RFSoC_Firmware_plt/export/RFSoC_Firmware_plt/sw/RFSoC_Firmware_plt/standalone_domain/bspinclude/include -MMD -MP -MF"src/RFSoC_Firmware_CPP/sfp.d" -MT"src/RFSoC_Firmware_CPP/sfp.o" -o "src/RFSoC_Firmware_CPP/sfp.o" "E:/RFSoC/GIT/Vivado_prj_manager/Vitis_main/RFSoC_Firmware_CPP/sfp.c"
'Finished building: E:/RFSoC/GIT/Vivado_prj_manager/Vitis_main/RFSoC_Firmware_CPP/sfp.c'
' '
'Building file: E:/RFSoC/GIT/Vivado_prj_manager/Vitis_main/RFSoC_Firmware_CPP/si5324.c'
'Invoking: ARM v8 gcc compiler'
aarch64-none-elf-gcc -Wall -O0 -g3 -c -fmessage-length=0 -MT"src/RFSoC_Firmware_CPP/si5324.o" -D __BAREMETAL__ -IE:/RFSoC/GIT/RFSoC/RFSoC_Design_V1_1/VITIS_CPP/RFSoC_Firmware_plt/export/RFSoC_Firmware_plt/sw/RFSoC_Firmware_plt/standalone_domain/bspinclude/include -MMD -MP -MF"src/RFSoC_Firmware_CPP/si5324.d" -MT"src/RFSoC_Firmware_CPP/si5324.o" -o "src/RFSoC_Firmware_CPP/si5324.o" "E:/RFSoC/GIT/Vivado_prj_manager/Vitis_main/RFSoC_Firmware_CPP/si5324.c"
'Finished building: E:/RFSoC/GIT/Vivado_prj_manager/Vitis_main/RFSoC_Firmware_CPP/si5324.c'
' '
'Building file: E:/RFSoC/GIT/Vivado_prj_manager/Vitis_main/RFSoC_Firmware_CPP/simple_lexer.c'
'Invoking: ARM v8 gcc compiler'
aarch64-none-elf-gcc -Wall -O0 -g3 -c -fmessage-length=0 -MT"src/RFSoC_Firmware_CPP/simple_lexer.o" -D __BAREMETAL__ -IE:/RFSoC/GIT/RFSoC/RFSoC_Design_V1_1/VITIS_CPP/RFSoC_Firmware_plt/export/RFSoC_Firmware_plt/sw/RFSoC_Firmware_plt/standalone_domain/bspinclude/include -MMD -MP -MF"src/RFSoC_Firmware_CPP/simple_lexer.d" -MT"src/RFSoC_Firmware_CPP/simple_lexer.o" -o "src/RFSoC_Firmware_CPP/simple_lexer.o" "E:/RFSoC/GIT/Vivado_prj_manager/Vitis_main/RFSoC_Firmware_CPP/simple_lexer.c"
'Finished building: E:/RFSoC/GIT/Vivado_prj_manager/Vitis_main/RFSoC_Firmware_CPP/simple_lexer.c'
' '
'Building file: E:/RFSoC/GIT/Vivado_prj_manager/Vitis_main/RFSoC_Firmware_CPP/string_process.c'
'Invoking: ARM v8 gcc compiler'
aarch64-none-elf-gcc -Wall -O0 -g3 -c -fmessage-length=0 -MT"src/RFSoC_Firmware_CPP/string_process.o" -D __BAREMETAL__ -IE:/RFSoC/GIT/RFSoC/RFSoC_Design_V1_1/VITIS_CPP/RFSoC_Firmware_plt/export/RFSoC_Firmware_plt/sw/RFSoC_Firmware_plt/standalone_domain/bspinclude/include -MMD -MP -MF"src/RFSoC_Firmware_CPP/string_process.d" -MT"src/RFSoC_Firmware_CPP/string_process.o" -o "src/RFSoC_Firmware_CPP/string_process.o" "E:/RFSoC/GIT/Vivado_prj_manager/Vitis_main/RFSoC_Firmware_CPP/string_process.c"
'Finished building: E:/RFSoC/GIT/Vivado_prj_manager/Vitis_main/RFSoC_Firmware_CPP/string_process.c'
' '
'Building target: ABCD.elf'
'Invoking: ARM v8 gcc linker'
aarch64-none-elf-gcc -Wl,-T -Wl,../src/lscript.ld -LE:/RFSoC/GIT/RFSoC/RFSoC_Design_V1_1/VITIS_CPP/RFSoC_Firmware_plt/export/RFSoC_Firmware_plt/sw/RFSoC_Firmware_plt/standalone_domain/bsplib/lib -o "ABCD.elf"  ./src/RFSoC_Firmware_CPP/clock_config.o ./src/RFSoC_Firmware_CPP/echo.o ./src/RFSoC_Firmware_CPP/i2c_access.o ./src/RFSoC_Firmware_CPP/iic_phyreset.o ./src/RFSoC_Firmware_CPP/main.o ./src/RFSoC_Firmware_CPP/platform.o ./src/RFSoC_Firmware_CPP/platform_mb.o ./src/RFSoC_Firmware_CPP/platform_ppc.o ./src/RFSoC_Firmware_CPP/platform_zynq.o ./src/RFSoC_Firmware_CPP/platform_zynqmp.o ./src/RFSoC_Firmware_CPP/rfdc_controller.o ./src/RFSoC_Firmware_CPP/run_binary.o ./src/RFSoC_Firmware_CPP/sfp.o ./src/RFSoC_Firmware_CPP/si5324.o ./src/RFSoC_Firmware_CPP/simple_lexer.o ./src/RFSoC_Firmware_CPP/string_process.o   -Wl,--start-group,-lxil,-lgcc,-lc,--end-group -Wl,--start-group,-lxil,-lmetal,-lgcc,-lc,--end-group -Wl,--start-group,-lxil,-llwip4,-lgcc,-lc,--end-group -Wl,--start-group,-lxilpm,-lxil,-lgcc,-lc,--end-group -Wl,--start-group,-lxil,-lgcc,-lc,-lmetal,--end-group
'Finished building target: ABCD.elf'
' '
'Invoking: ARM v8 Print Size'
aarch64-none-elf-size ABCD.elf  |tee "ABCD.elf.size"
   text	   data	    bss	    dec	    hex	filename
 134072	  19952	4346100	4500124	 44aa9c	ABCD.elf
'Finished building: ABCD.elf.size'
' '

19:53:11 Build Finished (took 4s.856ms)

