Copyright 1986-2020 Xilinx, Inc. All Rights Reserved.
-----------------------------------------------------------------------------------------------------------------------------------------------------------------------------------------------------
| Tool Version      : Vivado v.2020.2 (win64) Build 3064766 Wed Nov 18 09:12:45 MST 2020
| Date              : Tue Jul 25 16:45:32 2023
| Host              : DESKTOP-MCBJ7EB running 64-bit major release  (build 9200)
| Command           : report_bus_skew -warn_on_violation -file TEST_02_Block_wrapper_bus_skew_routed.rpt -pb TEST_02_Block_wrapper_bus_skew_routed.pb -rpx TEST_02_Block_wrapper_bus_skew_routed.rpx
| Design            : TEST_02_Block_wrapper
| Device            : xczu28dr-ffvg1517
| Speed File        : -2  PRODUCTION 1.28 07-24-2020
| Temperature Grade : E
-----------------------------------------------------------------------------------------------------------------------------------------------------------------------------------------------------

Bus Skew Report

No bus skew constraints

